// Jest Snapshot v1, https://goo.gl/fbAQLP

exports[`<Chat /> Chat rendering with store without crashing 1`] = `
<ContextProvider
  value={null}
>
  <ChatSub
    chatMessages={Array []}
    onSubmit={[Function]}
    players={Array []}
    store={
      Object {
        "clearActions": [Function],
        "dispatch": [Function],
        "getActions": [Function],
        "getState": [Function],
        "replaceReducer": [Function],
        "subscribe": [Function],
      }
    }
  />
</ContextProvider>
`;
