// Jest Snapshot v1, https://goo.gl/fbAQLP

exports[`<CreateRoomSub /> should render without crashing 1`] = `
<styled.form
  id="form"
  onSubmit={[Function]}
>
  <styled.label
    htmlFor="name"
  >
    Insert room name
  </styled.label>
  <styled.div
    id="input-container"
  >
    <styled.input
      autoComplete="off"
      error={null}
      helperText=""
      id="name"
      label="Insert room name"
      onChange={[Function]}
      spellCheck="false"
      type="text"
      value=""
    />
  </styled.div>
  <styled.button
    disabled={true}
    id="enter"
  >
    <p>
       Press Enter 
    </p>
  </styled.button>
</styled.form>
`;
