// Jest Snapshot v1, https://goo.gl/fbAQLP

exports[`<Ladder /> Ladder rendering with store without crashing 1`] = `
<ContextProvider
  value={null}
>
  <LadderSub
    dispatch={[Function]}
    highscores={Array []}
    store={
      Object {
        "clearActions": [Function],
        "dispatch": [Function],
        "getActions": [Function],
        "getState": [Function],
        "replaceReducer": [Function],
        "subscribe": [Function],
      }
    }
  />
</ContextProvider>
`;
