// Jest Snapshot v1, https://goo.gl/fbAQLP

exports[`<App /> App rendering with store without crashing 1`] = `
<ContextProvider
  value={null}
>
  <AppSub
    dispatch={[Function]}
    playerName=""
    roomName=""
    store={
      Object {
        "clearActions": [Function],
        "dispatch": [Function],
        "getActions": [Function],
        "getState": [Function],
        "replaceReducer": [Function],
        "subscribe": [Function],
      }
    }
  />
</ContextProvider>
`;
