// Jest Snapshot v1, https://goo.gl/fbAQLP

exports[`<Login /> Login rendering with store without crashing 1`] = `
<LoginSub
  connectPlayer={[Function]}
  store={
    Object {
      "clearActions": [Function],
      "dispatch": [Function],
      "getActions": [Function],
      "getState": [Function],
      "replaceReducer": [Function],
      "subscribe": [Function],
    }
  }
/>
`;
