// Jest Snapshot v1, https://goo.gl/fbAQLP

exports[`<Game /> Game rendering with store without crashing 1`] = `
<ContextProvider
  value={null}
>
  <GameSub
    dispatch={[Function]}
    mode="Solo"
    store={
      Object {
        "clearActions": [Function],
        "dispatch": [Function],
        "getActions": [Function],
        "getState": [Function],
        "replaceReducer": [Function],
        "subscribe": [Function],
      }
    }
  />
</ContextProvider>
`;
