// Jest Snapshot v1, https://goo.gl/fbAQLP

exports[`player actions connectPlayer does not update player state with an unvalid name 1`] = `undefined`;

exports[`player actions connectPlayer updates player state with a valid name 1`] = `
Object {
  "player": Object {
    "board": Array [
      Array [
        "",
        "",
        "",
        "",
        "",
        "",
        "",
        "",
        "",
        "",
      ],
      Array [
        "",
        "",
        "",
        "",
        "",
        "",
        "",
        "",
        "",
        "",
      ],
      Array [
        "",
        "",
        "",
        "",
        "",
        "",
        "",
        "",
        "",
        "",
      ],
      Array [
        "",
        "",
        "",
        "",
        "",
        "",
        "",
        "",
        "",
        "",
      ],
      Array [
        "",
        "",
        "",
        "",
        "",
        "",
        "",
        "",
        "",
        "",
      ],
      Array [
        "",
        "",
        "",
        "",
        "",
        "",
        "",
        "",
        "",
        "",
      ],
      Array [
        "",
        "",
        "",
        "",
        "",
        "",
        "",
        "",
        "",
        "",
      ],
      Array [
        "",
        "",
        "",
        "",
        "",
        "",
        "",
        "",
        "",
        "",
      ],
      Array [
        "",
        "",
        "",
        "",
        "",
        "",
        "",
        "",
        "",
        "",
      ],
      Array [
        "",
        "",
        "",
        "",
        "",
        "",
        "",
        "",
        "",
        "",
      ],
      Array [
        "",
        "",
        "",
        "",
        "",
        "",
        "",
        "",
        "",
        "",
      ],
      Array [
        "",
        "",
        "",
        "",
        "",
        "",
        "",
        "",
        "",
        "",
      ],
      Array [
        "",
        "",
        "",
        "",
        "",
        "",
        "",
        "",
        "",
        "",
      ],
      Array [
        "",
        "",
        "",
        "",
        "",
        "",
        "",
        "",
        "",
        "",
      ],
      Array [
        "",
        "",
        "",
        "",
        "",
        "",
        "",
        "",
        "",
        "",
      ],
      Array [
        "",
        "",
        "",
        "",
        "",
        "",
        "",
        "",
        "",
        "",
      ],
      Array [
        "",
        "",
        "",
        "",
        "",
        "",
        "",
        "",
        "",
        "",
      ],
      Array [
        "",
        "",
        "",
        "",
        "",
        "",
        "",
        "",
        "",
        "",
      ],
      Array [
        "",
        "",
        "",
        "",
        "",
        "",
        "",
        "",
        "",
        "",
      ],
      Array [
        "",
        "",
        "",
        "",
        "",
        "",
        "",
        "",
        "",
        "",
      ],
    ],
    "isHost": null,
    "name": "Bob",
  },
  "type": "UPDATE_PLAYER",
}
`;

exports[`player actions disconnectPlayer clean room, player and hash 1`] = `
Object {
  "room": Object {},
  "type": "UPDATE_ROOM",
}
`;

exports[`player actions disconnectPlayer clean room, player and hash 2`] = `
Object {
  "player": Object {},
  "type": "UPDATE_PLAYER",
}
`;
